[2022-05-21 20:06:13] [DBUG] [I2TCP] [heartbeat] thread started
[2022-05-21 20:06:13] [DBUG] [I2TCP] [watchdog] thread started
[2022-05-21 20:06:13] [INFO] [I2TCP] server i2cy.tech:26842 connected
[2022-05-21 20:06:13] [DBUG] [I2TCP] [receiver] thread started
[2022-05-21 20:06:13] [DBUG] [I2TCP] receiving data of total length 20
[2022-05-21 20:06:13] [DBUG] [I2TCP] connection built
[2022-05-21 20:06:13] [DBUG] [I2TCP] receiving data of total length 9
[2022-05-21 20:06:14] [DBUG] [I2TCP] receiving data of total length 211
[2022-05-21 20:06:14] [DBUG] [I2TCP] receiving data of total length 18
[2022-05-21 20:06:15] [DBUG] [I2TCP] receiving data of total length 240002
[2022-05-21 20:06:15] [DBUG] [I2TCP] receiving data of total length 240002
[2022-05-21 20:06:15] [DBUG] [I2TCP] receiving data of total length 240002
[2022-05-21 20:06:15] [DBUG] [I2TCP] receiving data of total length 240002
[2022-05-21 20:06:15] [DBUG] [I2TCP] receiving data of total length 240002
[2022-05-21 20:06:15] [DBUG] [I2TCP] receiving data of total length 240002
[2022-05-21 20:06:15] [DBUG] [I2TCP] receiving data of total length 240002
[2022-05-21 20:06:15] [DBUG] [I2TCP] receiving data of total length 240002
[2022-05-21 20:06:15] [DBUG] [I2TCP] receiving data of total length 240002
[2022-05-21 20:06:15] [DBUG] [I2TCP] receiving data of total length 240002
[2022-05-21 20:06:15] [DBUG] [I2TCP] receiving data of total length 240002
[2022-05-21 20:06:15] [DBUG] [I2TCP] receiving data of total length 240002
[2022-05-21 20:06:15] [DBUG] [I2TCP] receiving data of total length 240002
[2022-05-21 20:06:15] [DBUG] [I2TCP] receiving data of total length 240002
[2022-05-21 20:06:16] [DBUG] [I2TCP] receiving data of total length 240002
[2022-05-21 20:06:16] [DBUG] [I2TCP] receiving data of total length 240002
[2022-05-21 20:06:16] [DBUG] [I2TCP] receiving data of total length 240002
[2022-05-21 20:06:16] [DBUG] [I2TCP] receiving data of total length 240002
[2022-05-21 20:06:16] [DBUG] [I2TCP] receiving data of total length 240002
[2022-05-21 20:06:16] [DBUG] [I2TCP] receiving data of total length 240002
[2022-05-21 20:06:16] [DBUG] [I2TCP] receiving data of total length 240002
[2022-05-21 20:06:16] [DBUG] [I2TCP] receiving data of total length 240002
[2022-05-21 20:06:16] [DBUG] [I2TCP] receiving data of total length 240002
[2022-05-21 20:06:16] [DBUG] [I2TCP] receiving data of total length 240002
[2022-05-21 20:06:16] [DBUG] [I2TCP] receiving data of total length 240002
[2022-05-21 20:06:16] [DBUG] [I2TCP] receiving data of total length 240002
[2022-05-21 20:06:16] [DBUG] [I2TCP] receiving data of total length 240002
[2022-05-21 20:06:16] [DBUG] [I2TCP] receiving data of total length 240002
[2022-05-21 20:06:16] [DBUG] [I2TCP] receiving data of total length 240002
[2022-05-21 20:06:16] [DBUG] [I2TCP] receiving data of total length 240002
[2022-05-21 20:06:16] [DBUG] [I2TCP] receiving data of total length 240002
[2022-05-21 20:06:16] [DBUG] [I2TCP] receiving data of total length 240002
[2022-05-21 20:06:16] [DBUG] [I2TCP] receiving data of total length 240002
[2022-05-21 20:06:16] [DBUG] [I2TCP] receiving data of total length 240002
[2022-05-21 20:06:16] [DBUG] [I2TCP] receiving data of total length 240002
[2022-05-21 20:06:16] [DBUG] [I2TCP] receiving data of total length 240002
[2022-05-21 20:06:17] [DBUG] [I2TCP] receiving data of total length 240002
[2022-05-21 20:06:17] [DBUG] [I2TCP] receiving data of total length 240002
[2022-05-21 20:06:17] [DBUG] [I2TCP] receiving data of total length 240002
[2022-05-21 20:06:17] [DBUG] [I2TCP] receiving data of total length 240002
[2022-05-21 20:06:17] [DBUG] [I2TCP] receiving data of total length 240002
[2022-05-21 20:06:17] [DBUG] [I2TCP] receiving data of total length 240002
[2022-05-21 20:06:17] [DBUG] [I2TCP] receiving data of total length 240002
[2022-05-21 20:06:17] [DBUG] [I2TCP] receiving data of total length 240002
[2022-05-21 20:06:17] [DBUG] [I2TCP] receiving data of total length 240002
[2022-05-21 20:06:17] [DBUG] [I2TCP] receiving data of total length 240002
[2022-05-21 20:06:17] [DBUG] [I2TCP] receiving data of total length 240002
[2022-05-21 20:06:17] [DBUG] [I2TCP] receiving data of total length 240002
[2022-05-21 20:06:17] [DBUG] [I2TCP] receiving data of total length 240002
[2022-05-21 20:06:18] [DBUG] [I2TCP] receiving data of total length 240002
[2022-05-21 20:06:18] [DBUG] [I2TCP] receiving data of total length 240002
[2022-05-21 20:06:18] [DBUG] [I2TCP] receiving data of total length 240002
[2022-05-21 20:06:18] [DBUG] [I2TCP] receiving data of total length 240002
[2022-05-21 20:06:18] [DBUG] [I2TCP] receiving data of total length 240002
[2022-05-21 20:06:18] [DBUG] [I2TCP] receiving data of total length 240002
[2022-05-21 20:06:18] [DBUG] [I2TCP] receiving data of total length 240002
[2022-05-21 20:06:18] [DBUG] [I2TCP] receiving data of total length 240002
[2022-05-21 20:06:18] [DBUG] [I2TCP] receiving data of total length 240002
[2022-05-21 20:06:18] [DBUG] [I2TCP] receiving data of total length 240002
[2022-05-21 20:06:18] [DBUG] [I2TCP] receiving data of total length 240002
[2022-05-21 20:06:18] [DBUG] [I2TCP] receiving data of total length 240002
[2022-05-21 20:06:19] [DBUG] [I2TCP] receiving data of total length 240002
[2022-05-21 20:06:19] [DBUG] [I2TCP] receiving data of total length 240002
[2022-05-21 20:06:19] [DBUG] [I2TCP] receiving data of total length 240002
[2022-05-21 20:06:19] [DBUG] [I2TCP] receiving data of total length 240002
[2022-05-21 20:06:19] [DBUG] [I2TCP] receiving data of total length 240002
[2022-05-21 20:06:19] [DBUG] [I2TCP] receiving data of total length 240002
[2022-05-21 20:06:19] [DBUG] [I2TCP] receiving data of total length 240002
[2022-05-21 20:06:19] [DBUG] [I2TCP] receiving data of total length 240002
[2022-05-21 20:06:19] [DBUG] [I2TCP] receiving data of total length 240002
[2022-05-21 20:06:19] [DBUG] [I2TCP] receiving data of total length 120002
[2022-05-21 20:06:19] [DBUG] [I2TCP] receiving data of total length 240002
[2022-05-21 20:06:19] [DBUG] [I2TCP] receiving data of total length 240002
[2022-05-21 20:06:20] [DBUG] [I2TCP] receiving data of total length 240002
[2022-05-21 20:06:20] [DBUG] [I2TCP] receiving data of total length 240002
[2022-05-21 20:06:20] [DBUG] [I2TCP] receiving data of total length 240002
[2022-05-21 20:06:20] [DBUG] [I2TCP] receiving data of total length 240002
[2022-05-21 20:06:20] [DBUG] [I2TCP] receiving data of total length 240002
[2022-05-21 20:06:20] [DBUG] [I2TCP] receiving data of total length 240002
[2022-05-21 20:06:20] [DBUG] [I2TCP] receiving data of total length 240002
[2022-05-21 20:06:20] [DBUG] [I2TCP] receiving data of total length 240002
[2022-05-21 20:06:20] [DBUG] [I2TCP] receiving data of total length 240002
[2022-05-21 20:06:20] [DBUG] [I2TCP] receiving data of total length 240002
[2022-05-21 20:06:20] [DBUG] [I2TCP] receiving data of total length 240002
[2022-05-21 20:06:20] [DBUG] [I2TCP] receiving data of total length 240002
[2022-05-21 20:06:20] [DBUG] [I2TCP] receiving data of total length 240002
[2022-05-21 20:06:21] [DBUG] [I2TCP] receiving data of total length 240002
[2022-05-21 20:06:21] [DBUG] [I2TCP] receiving data of total length 240002
[2022-05-21 20:06:21] [DBUG] [I2TCP] receiving data of total length 240002
[2022-05-21 20:06:21] [DBUG] [I2TCP] receiving data of total length 240002
[2022-05-21 20:06:21] [DBUG] [I2TCP] receiving data of total length 240002
[2022-05-21 20:06:21] [DBUG] [I2TCP] receiving data of total length 240002
[2022-05-21 20:06:21] [DBUG] [I2TCP] receiving data of total length 240002
[2022-05-21 20:06:21] [DBUG] [I2TCP] receiving data of total length 240002
[2022-05-21 20:06:21] [DBUG] [I2TCP] receiving data of total length 240002
[2022-05-21 20:06:21] [DBUG] [I2TCP] receiving data of total length 240002
[2022-05-21 20:06:21] [DBUG] [I2TCP] receiving data of total length 240002
[2022-05-21 20:06:21] [DBUG] [I2TCP] receiving data of total length 240002
[2022-05-21 20:06:21] [DBUG] [I2TCP] receiving data of total length 240002
[2022-05-21 20:06:21] [DBUG] [I2TCP] receiving data of total length 240002
[2022-05-21 20:06:21] [DBUG] [I2TCP] receiving data of total length 240002
[2022-05-21 20:06:21] [DBUG] [I2TCP] receiving data of total length 240002
[2022-05-21 20:06:22] [DBUG] [I2TCP] receiving data of total length 240002
[2022-05-21 20:06:22] [DBUG] [I2TCP] receiving data of total length 240002
[2022-05-21 20:06:22] [DBUG] [I2TCP] receiving data of total length 240002
[2022-05-21 20:06:22] [DBUG] [I2TCP] receiving data of total length 240002
[2022-05-21 20:06:22] [DBUG] [I2TCP] receiving data of total length 240002
[2022-05-21 20:06:22] [DBUG] [I2TCP] receiving data of total length 240002
[2022-05-21 20:06:22] [DBUG] [I2TCP] receiving data of total length 240002
[2022-05-21 20:06:22] [DBUG] [I2TCP] receiving data of total length 240002
[2022-05-21 20:06:22] [DBUG] [I2TCP] receiving data of total length 240002
[2022-05-21 20:06:22] [DBUG] [I2TCP] receiving data of total length 240002
[2022-05-21 20:06:22] [DBUG] [I2TCP] receiving data of total length 240002
[2022-05-21 20:06:22] [DBUG] [I2TCP] receiving data of total length 240002
[2022-05-21 20:06:22] [DBUG] [I2TCP] receiving data of total length 240002
[2022-05-21 20:06:22] [DBUG] [I2TCP] receiving data of total length 240002
[2022-05-21 20:06:22] [DBUG] [I2TCP] receiving data of total length 240002
[2022-05-21 20:06:23] [DBUG] [I2TCP] receiving data of total length 240002
[2022-05-21 20:06:23] [DBUG] [I2TCP] receiving data of total length 240002
[2022-05-21 20:06:23] [DBUG] [I2TCP] receiving data of total length 240002
[2022-05-21 20:06:23] [DBUG] [I2TCP] receiving data of total length 240002
[2022-05-21 20:06:23] [DBUG] [I2TCP] receiving data of total length 240002
[2022-05-21 20:06:23] [DBUG] [I2TCP] receiving data of total length 240002
[2022-05-21 20:06:23] [DBUG] [I2TCP] receiving data of total length 240002
[2022-05-21 20:06:23] [DBUG] [I2TCP] receiving data of total length 240002
[2022-05-21 20:06:23] [DBUG] [I2TCP] receiving data of total length 240002
[2022-05-21 20:06:23] [DBUG] [I2TCP] receiving data of total length 240002
[2022-05-21 20:06:23] [DBUG] [I2TCP] receiving data of total length 240002
[2022-05-21 20:06:23] [DBUG] [I2TCP] receiving data of total length 240002
[2022-05-21 20:06:23] [DBUG] [I2TCP] receiving data of total length 240002
[2022-05-21 20:06:23] [DBUG] [I2TCP] receiving data of total length 240002
[2022-05-21 20:06:23] [DBUG] [I2TCP] receiving data of total length 240002
[2022-05-21 20:06:23] [DBUG] [I2TCP] receiving data of total length 240002
[2022-05-21 20:06:23] [DBUG] [I2TCP] receiving data of total length 240002
[2022-05-21 20:06:24] [DBUG] [I2TCP] receiving data of total length 240002
[2022-05-21 20:06:24] [DBUG] [I2TCP] receiving data of total length 240002
[2022-05-21 20:06:24] [DBUG] [I2TCP] receiving data of total length 240002
[2022-05-21 20:06:24] [DBUG] [I2TCP] receiving data of total length 240002
[2022-05-21 20:06:24] [DBUG] [I2TCP] receiving data of total length 240002
[2022-05-21 20:06:24] [DBUG] [I2TCP] receiving data of total length 240002
[2022-05-21 20:06:24] [DBUG] [I2TCP] receiving data of total length 240002
[2022-05-21 20:06:24] [DBUG] [I2TCP] receiving data of total length 240002
[2022-05-21 20:06:24] [DBUG] [I2TCP] receiving data of total length 240002
[2022-05-21 20:06:24] [DBUG] [I2TCP] receiving data of total length 240002
[2022-05-21 20:06:24] [DBUG] [I2TCP] receiving data of total length 240002
[2022-05-21 20:06:24] [DBUG] [I2TCP] receiving data of total length 240002
[2022-05-21 20:06:24] [DBUG] [I2TCP] receiving data of total length 240002
[2022-05-21 20:06:24] [DBUG] [I2TCP] receiving data of total length 240002
[2022-05-21 20:06:24] [DBUG] [I2TCP] receiving data of total length 240002
[2022-05-21 20:06:24] [DBUG] [I2TCP] receiving data of total length 240002
[2022-05-21 20:06:24] [DBUG] [I2TCP] receiving data of total length 240002
[2022-05-21 20:06:24] [DBUG] [I2TCP] receiving data of total length 120002
[2022-05-21 20:06:24] [DBUG] [I2TCP] receiving data of total length 240002
[2022-05-21 20:06:25] [DBUG] [I2TCP] receiving data of total length 240002
[2022-05-21 20:06:25] [DBUG] [I2TCP] receiving data of total length 240002
[2022-05-21 20:06:25] [DBUG] [I2TCP] receiving data of total length 240002
[2022-05-21 20:06:25] [DBUG] [I2TCP] receiving data of total length 240002
[2022-05-21 20:06:25] [DBUG] [I2TCP] receiving data of total length 214034
[2022-05-21 20:06:33] [DBUG] [I2TCP] [heartbeat] heartbeat sent
[2022-05-21 20:06:41] [DBUG] [I2TCP] [heartbeat] heartbeat sent
